node: --max-all-stack-chunks= is not allowed in NODE_OPTIONS
